// Jest Snapshot v1, https://goo.gl/fbAQLP

exports[`States by country renders component and compare with snapshot 1`] = `
<div>
  <a
    className=""
    onClick={[Function]}
  >
    Alabama
  </a>
  <a
    className=""
    onClick={[Function]}
  >
    Minnesota
  </a>
  <a
    className=""
    onClick={[Function]}
  >
    Texas
  </a>
</div>
`;
